// Jest Snapshot v1, https://goo.gl/fbAQLP

exports[`CloudWatchDashboardsStack matches snapshot 1`] = `
{
  "Description": "EC2 instance with CloudWatch Agent, log groups, and a metrics dashboard for CPU and memory utilization",
  "Outputs": {
    "DashboardUrl": {
      "Description": "CloudWatch dashboard URL",
      "Export": {
        "Name": "TestStack-DashboardUrl",
      },
      "Value": {
        "Fn::Join": [
          "",
          [
            "https://",
            {
              "Ref": "AWS::Region",
            },
            ".console.aws.amazon.com/cloudwatch/home#dashboards:name=EC2-CloudWatch-Dashboard",
          ],
        ],
      },
    },
    "InstanceId": {
      "Description": "EC2 instance ID",
      "Export": {
        "Name": "TestStack-InstanceId",
      },
      "Value": {
        "Ref": "CloudWatchDashboardsInstanceC21FD43C",
      },
    },
  },
  "Parameters": {
    "BootstrapVersion": {
      "Default": "/cdk-bootstrap/hnb659fds/version",
      "Description": "Version of the CDK Bootstrap resources in this environment, automatically retrieved from SSM Parameter Store. [cdk:skip]",
      "Type": "AWS::SSM::Parameter::Value<String>",
    },
    "SsmParameterValueawsserviceamiamazonlinuxlatestamzn2amikernel510hvmx8664gp2C96584B6F00A464EAD1953AFF4B05118Parameter": {
      "Default": "/aws/service/ami-amazon-linux-latest/amzn2-ami-kernel-5.10-hvm-x86_64-gp2",
      "Type": "AWS::SSM::Parameter::Value<AWS::EC2::Image::Id>",
    },
  },
  "Resources": {
    "ApplicationLogGroupE33FCF9B": {
      "DeletionPolicy": "Delete",
      "Properties": {
        "LogGroupName": "/ec2/cloudwatch-dashboards/application",
        "RetentionInDays": 7,
        "Tags": [
          {
            "Key": "Owner",
            "Value": "test-owner",
          },
          {
            "Key": "Project",
            "Value": "agentic-sdlc-pilot",
          },
          {
            "Key": "Topic",
            "Value": "03-cloudwatch-dashboards",
          },
        ],
      },
      "Type": "AWS::Logs::LogGroup",
      "UpdateReplacePolicy": "Delete",
    },
    "CloudWatchDashboardsInstanceC21FD43C": {
      "DependsOn": [
        "CloudWatchDashboardsRole2C1E9088",
      ],
      "Properties": {
        "AvailabilityZone": "us-east-1a",
        "IamInstanceProfile": {
          "Ref": "CloudWatchDashboardsInstanceInstanceProfileA21A608B",
        },
        "ImageId": {
          "Ref": "SsmParameterValueawsserviceamiamazonlinuxlatestamzn2amikernel510hvmx8664gp2C96584B6F00A464EAD1953AFF4B05118Parameter",
        },
        "InstanceType": "t3.micro",
        "LaunchTemplate": {
          "LaunchTemplateName": "CloudWatchDashboardsInstanceLaunchTemplate",
          "Version": {
            "Fn::GetAtt": [
              "CloudWatchDashboardsInstanceLaunchTemplate570887EB",
              "LatestVersionNumber",
            ],
          },
        },
        "SecurityGroupIds": [
          {
            "Fn::GetAtt": [
              "InstanceSG2AE1100C",
              "GroupId",
            ],
          },
        ],
        "SubnetId": "subnet-11111",
        "Tags": [
          {
            "Key": "Name",
            "Value": "TestStack/CloudWatchDashboardsInstance",
          },
          {
            "Key": "Owner",
            "Value": "test-owner",
          },
          {
            "Key": "Project",
            "Value": "agentic-sdlc-pilot",
          },
          {
            "Key": "Topic",
            "Value": "03-cloudwatch-dashboards",
          },
        ],
        "UserData": {
          "Fn::Base64": "#!/bin/bash",
        },
      },
      "Type": "AWS::EC2::Instance",
    },
    "CloudWatchDashboardsInstanceInstanceProfileA21A608B": {
      "Properties": {
        "Roles": [
          {
            "Ref": "CloudWatchDashboardsRole2C1E9088",
          },
        ],
      },
      "Type": "AWS::IAM::InstanceProfile",
    },
    "CloudWatchDashboardsInstanceLaunchTemplate570887EB": {
      "Properties": {
        "LaunchTemplateData": {
          "MetadataOptions": {
            "HttpTokens": "required",
          },
        },
        "LaunchTemplateName": "CloudWatchDashboardsInstanceLaunchTemplate",
      },
      "Type": "AWS::EC2::LaunchTemplate",
    },
    "CloudWatchDashboardsRole2C1E9088": {
      "Properties": {
        "AssumeRolePolicyDocument": {
          "Statement": [
            {
              "Action": "sts:AssumeRole",
              "Effect": "Allow",
              "Principal": {
                "Service": "ec2.amazonaws.com",
              },
            },
          ],
          "Version": "2012-10-17",
        },
        "Description": "Allows EC2 to send logs and metrics via CloudWatch Agent and be managed via SSM",
        "ManagedPolicyArns": [
          {
            "Fn::Join": [
              "",
              [
                "arn:",
                {
                  "Ref": "AWS::Partition",
                },
                ":iam::aws:policy/AmazonSSMManagedInstanceCore",
              ],
            ],
          },
          {
            "Fn::Join": [
              "",
              [
                "arn:",
                {
                  "Ref": "AWS::Partition",
                },
                ":iam::aws:policy/CloudWatchAgentServerPolicy",
              ],
            ],
          },
        ],
        "Tags": [
          {
            "Key": "Owner",
            "Value": "test-owner",
          },
          {
            "Key": "Project",
            "Value": "agentic-sdlc-pilot",
          },
          {
            "Key": "Topic",
            "Value": "03-cloudwatch-dashboards",
          },
        ],
      },
      "Type": "AWS::IAM::Role",
    },
    "EC2CloudWatchDashboard1BEACD5E": {
      "Properties": {
        "DashboardBody": {
          "Fn::Join": [
            "",
            [
              "{"widgets":[{"type":"metric","width":12,"height":6,"x":0,"y":0,"properties":{"view":"timeSeries","title":"CPU Utilization","region":"",
              {
                "Ref": "AWS::Region",
              },
              "","metrics":[["AWS/EC2","CPUUtilization","InstanceId","",
              {
                "Ref": "CloudWatchDashboardsInstanceC21FD43C",
              },
              ""]],"yAxis":{}}},{"type":"metric","width":12,"height":6,"x":12,"y":0,"properties":{"view":"timeSeries","title":"Memory Utilization","region":"",
              {
                "Ref": "AWS::Region",
              },
              "","metrics":[["CWAgent","mem_used_percent","InstanceId","",
              {
                "Ref": "CloudWatchDashboardsInstanceC21FD43C",
              },
              ""]],"yAxis":{}}}]}",
            ],
          ],
        },
        "DashboardName": "EC2-CloudWatch-Dashboard",
      },
      "Type": "AWS::CloudWatch::Dashboard",
    },
    "HighCpuAlarm40723000": {
      "Properties": {
        "AlarmDescription": "CPU utilization exceeded 80% for 10 consecutive minutes",
        "ComparisonOperator": "GreaterThanOrEqualToThreshold",
        "Dimensions": [
          {
            "Name": "InstanceId",
            "Value": {
              "Ref": "CloudWatchDashboardsInstanceC21FD43C",
            },
          },
        ],
        "EvaluationPeriods": 2,
        "MetricName": "CPUUtilization",
        "Namespace": "AWS/EC2",
        "Period": 300,
        "Statistic": "Average",
        "Tags": [
          {
            "Key": "Owner",
            "Value": "test-owner",
          },
          {
            "Key": "Project",
            "Value": "agentic-sdlc-pilot",
          },
          {
            "Key": "Topic",
            "Value": "03-cloudwatch-dashboards",
          },
        ],
        "Threshold": 80,
        "TreatMissingData": "notBreaching",
      },
      "Type": "AWS::CloudWatch::Alarm",
    },
    "InstanceSG2AE1100C": {
      "Properties": {
        "GroupDescription": "CloudWatch dashboards EC2 instance — SSM + HTTPS egress only",
        "SecurityGroupEgress": [
          {
            "CidrIp": "0.0.0.0/0",
            "Description": "HTTPS to AWS service endpoints",
            "FromPort": 443,
            "IpProtocol": "tcp",
            "ToPort": 443,
          },
        ],
        "Tags": [
          {
            "Key": "Owner",
            "Value": "test-owner",
          },
          {
            "Key": "Project",
            "Value": "agentic-sdlc-pilot",
          },
          {
            "Key": "Topic",
            "Value": "03-cloudwatch-dashboards",
          },
        ],
        "VpcId": "vpc-12345",
      },
      "Type": "AWS::EC2::SecurityGroup",
    },
    "SystemLogGroupA7250254": {
      "DeletionPolicy": "Delete",
      "Properties": {
        "LogGroupName": "/ec2/cloudwatch-dashboards/system",
        "RetentionInDays": 7,
        "Tags": [
          {
            "Key": "Owner",
            "Value": "test-owner",
          },
          {
            "Key": "Project",
            "Value": "agentic-sdlc-pilot",
          },
          {
            "Key": "Topic",
            "Value": "03-cloudwatch-dashboards",
          },
        ],
      },
      "Type": "AWS::Logs::LogGroup",
      "UpdateReplacePolicy": "Delete",
    },
  },
  "Rules": {
    "CheckBootstrapVersion": {
      "Assertions": [
        {
          "Assert": {
            "Fn::Not": [
              {
                "Fn::Contains": [
                  [
                    "1",
                    "2",
                    "3",
                    "4",
                    "5",
                  ],
                  {
                    "Ref": "BootstrapVersion",
                  },
                ],
              },
            ],
          },
          "AssertDescription": "CDK bootstrap stack version 6 required. Please run 'cdk bootstrap' with a recent version of the CDK CLI.",
        },
      ],
    },
  },
}
`;
